
### tree renders siblings, nesting, and the orphan
$ git stack tree
* main (trunk)
    feat-a (needs restack: 1 behind)
      feat-b (1 commit(s))
        feat-b1 (1 commit(s))
      feat-c (1 commit(s))
    feat-x-child (parent 'feat-x' missing; run `git stack sync`)
[exit 0]

### up from the trunk offers the orphan's root alongside feat-a (issue #85)
$ git stack up
'main' has multiple children; pick one:
  git stack up feat-a
  git stack up feat-x-child
[exit 1]

### parent reports the recorded parent
$ git stack parent
feat-a
[exit 0]

### parent/track reject a cycle, a self-parent, and a missing branch
$ git stack parent feat-b1
error: 'feat-b1' is downstream of 'feat-b'; setting it as parent would create a cycle
[exit 1]
$ git stack track feat-b1
error: 'feat-b1' is downstream of 'feat-b'; tracking it would create a cycle
[exit 1]
$ git stack parent feat-b
error: a branch cannot be its own parent
[exit 1]
$ git stack parent no-such-branch
error: branch 'no-such-branch' does not exist
[exit 1]

### up with multiple children exits non-zero
$ git stack up
'feat-a' has multiple children; pick one:
  git stack up feat-b
  git stack up feat-c
[exit 1]

### restack replays the sibling subtrees onto an advanced parent
$ git stack tree
  main (trunk)
    feat-a (needs restack: 1 behind)
    * feat-b (needs restack: 1 behind)
        feat-b1 (1 commit(s))
      feat-c (needs restack: 1 behind)
    feat-x-child (parent 'feat-x' missing; run `git stack sync`)
[exit 0]
$ git stack restack
restacking stack rooted at feat-a
restacking feat-a onto main
restacking feat-b onto feat-a
restacking feat-b1 onto feat-b
restacking feat-c onto feat-a
done.
[exit 0]
$ git stack tree
  main (trunk)
    feat-a (2 commit(s))
    * feat-b (1 commit(s))
        feat-b1 (1 commit(s))
      feat-c (1 commit(s))
    feat-x-child (parent 'feat-x' missing; run `git stack sync`)
[exit 0]

### sync heals the orphan onto the trunk
$ git stack sync
syncing stack rooted at feat-x-child
'feat-x-child': parent 'feat-x' no longer exists; reparenting onto trunk 'main'
done.
[exit 0]
$ git stack tree
  main (trunk)
    feat-a (2 commit(s))
      feat-b (1 commit(s))
        feat-b1 (1 commit(s))
      feat-c (1 commit(s))
  * feat-x-child (1 commit(s))
[exit 0]
feat-x-child parent: main

### sync recovers a branch whose parent was squash-merged and deleted
$ git stack sync
syncing stack rooted at feature-b
'feature-b': parent 'feature-a' no longer exists; reparenting onto trunk 'main'
restacking feature-b onto main
done.
[exit 0]
feature-b parent: main
feature-b behind main: 0
feature-b commits above main: 1
feature-b stackBase == main tip: yes

### a stack past the 4 KB scan boundary renders and syncs intact
branch-list scan exceeds the 4 KB backtick cap: yes
stack-config scan exceeds the 4 KB backtick cap: yes
$ git stack tree | grep zzz
    zzz-stack-bottom 
      zzz-stack-top 
[exit 0]
zzz rows in tree (expect 2): 2
$ git stack sync
syncing stack rooted at zzz-stack-bottom
done.
[exit 0]
zzz-stack-top parent after sync: zzz-stack-bottom
zzz-stack-bottom parent after sync: main

### an orphan-looking stack past the branch-list cap is not 'healed' away
branch-list scan exceeds the 4 KB backtick cap: yes
stack-config scan (small and accurate here): branch.zzz-stack-bottom.stackparent mainbranch.zzz-stack-top.stackparent zzz-stack-bottom
$ git stack tree | grep zzz
    zzz-stack-bottom 
      zzz-stack-top 
[exit 0]
zzz rows in tree (expect 2): 2
$ git stack sync
syncing stack rooted at zzz-stack-bottom
done.
[exit 0]
zzz-stack-top parent after sync: zzz-stack-bottom
