
### version shows the program version
$ git stack version
git stack 0.1.0
[exit 0]

### global flags are parsed with optparse
$ git stack -v
git stack 0.1.0
[exit 0]
$ git stack --version
git stack 0.1.0
[exit 0]
$ git stack -h
git stack -- manage stacked branches with plain git

USAGE
    git stack <command> [args]

COMMANDS
    init [branch...]      Set (or auto-detect) the trunk branch(es).
    create <name>         Create <name> stacked on the current branch. (aliases: b, branch)
    tree                  Show the stack as a tree. (aliases: ls, list)
    up [child]            Check out the branch stacked on the current one.
    down                  Check out the current branch's parent.
    parent [branch]       Show or set the parent of the current branch.
    track [parent]        Track the current branch on top of [parent] (or trunk).
    untrack               Stop tracking the current branch in a stack.
    drop [branch]         Splice [branch] (or the current branch) out of the stack, reconnecting its children to its parent. (--delete also removes the branch)
    restack               Rebase the whole stack so each branch sits on its parent.
    sync                  Reparent branches whose parent was deleted (e.g. merged via a PR) onto trunk, then restack.
    version               Show the git-stack version and the Spinel build revision.
    help                  Show this help.

EXAMPLE
    git checkout main
    git stack create feature-a      # main -> feature-a
    git stack create feature-b      # feature-a -> feature-b
    git stack tree                  # inspect the stack
    # ... amend feature-a ...
    git stack restack               # replay feature-b on the new feature-a

Stack metadata is stored in git config: branch.<name>.stackParent (the
parent branch) and branch.<name>.stackBase (the commit the branch's own
work begins at, so restack can `git rebase --onto <parent> <base>` and
survive a parent that was squash-merged and deleted).
[exit 0]

### an unknown flag is rejected
$ git stack --bogus
error: invalid option: --bogus
[exit 1]

### commands reject extra arguments and flags they do not take
$ git stack create feat-b unexpected
error: 'create' takes at most one argument
[exit 1]
$ git stack tree bogus
error: 'tree' takes no arguments
[exit 1]
$ git stack restack --delete
error: invalid option: --delete
[exit 1]
branches: feat-a main
HEAD: feat-a

### an empty argument is not counted as a positional
$ git stack tree ''
  main (trunk)
    feat-a (1 commit(s))
    * feat-b (1 commit(s))
[exit 0]
$ git stack drop '' feat-a
dropped feat-a; reparented children onto main
[exit 0]
feat-b stackParent: main
