class Object
  def color_enabled?: () -> bool
  def paint: (String, String) -> String
  def bold: (String) -> String
  def dim: (String) -> String
  def green: (String) -> String
  def yellow: (String) -> String
  def cyan: (String) -> String
  def red: (String) -> String
  def die: (String) -> void
  def info: (String) -> nil
  def sh: (String) -> String
  def git_ok: (String) -> bool
  def git_out: (String) -> String
  def checkout!: (String) -> nil
  def require_repo: () -> nil
  def current_branch_or_empty: () -> String
  def current_branch: () -> String
  def branch_exists?: (String) -> bool
  def commit_count: (String, String) -> Integer
  def ahead_behind: (String, String) -> Array[Integer]
  def configured_trunks: () -> Array[String]
  def set_trunks: (Array[String]) -> Array[String]
  def detect_trunk: () -> String
  def trunk_branches: () -> Array[String]
  def primary_trunk: () -> String
  def is_trunk?: (String, Array[String]) -> bool
  def get_parent: (String) -> String
  def set_parent: (String, String) -> bool
  def clear_parent: (String) -> bool
  def scan_stack_config: () -> String
  def existing_branches: () -> Set
  def children_from: (String, String) -> Array[String]
  def children_of: (String) -> Array[String]
  def orphan_roots: (String, Set) -> Array[String]
  def parent_from: (String, String) -> String
  def effective_parent: (String, String) -> String
  def stack_root: (String, Array[String]) -> String
  def would_cycle?: (String, String, Array[String]) -> bool
  def validate_new_parent!: (String, String, Array[String], String) -> nil
  def tree_marker: (String, String) -> String
  def tree_name: (String, String, String) -> String
  def print_subtree: (String, String, String, String, String, Set) -> Array[String]
  def arg0: (Array[String]) -> String
  def cmd_init: (Array[String]) -> nil
  def cmd_create: (Array[String]) -> nil
  def cmd_tree: (Array[String]) -> Array[String]
  def cmd_parent: (Array[String]) -> nil
  def cmd_track: (Array[String]) -> nil
  def cmd_untrack: (Array[String]) -> nil
  def cmd_down: (Array[String]) -> nil
  def cmd_up: (Array[String]) -> nil
  def restack_subtree: (String, String, Set, String, bool, Set) -> untyped # spinel: widened to untyped (slow path)
  def cmd_restack: (Array[String]) -> nil
  def cmd_sync: (Array[String]) -> nil
  def cmd_version: (Array[String]) -> nil
  def cmd_help: (Array[String]) -> nil
  def parse_global_flags: (Array[String]) -> String
  def main: (Array[String]) -> untyped # spinel: widened to untyped (slow path)
end

class OptionParser
  @banner: String
  @short_flags: Array[String]
  @long_flags: Array[String]
  @handlers: Array[untyped]
  @expects_value: Array[untyped]
  def initialize: () -> Array[untyped] # spinel: widened to untyped (slow path)
  def banner=: (untyped) -> String # spinel: widened to untyped (slow path)
  def separator: (untyped) -> untyped # spinel: widened to untyped (slow path)
  def on_tail: (untyped) -> untyped # spinel: widened to untyped (slow path)
  def on: (String, String) -> Array[untyped] # spinel: widened to untyped (slow path)
  def parse!: (Array[String]) -> untyped # spinel: widened to untyped (slow path)
  def to_s: () -> String
end

class ParseError
  @message: untyped
  def initialize: (untyped) -> untyped # spinel: widened to untyped (slow path)
  def message: () -> untyped # spinel: widened to untyped (slow path)
  def to_s: () -> untyped # spinel: widened to untyped (slow path)
end

class Set
  @data: Array[untyped]
  def initialize: (Array[untyped]) -> Array[untyped] # spinel: widened to untyped (slow path)
  def add: (untyped) -> Set # spinel: widened to untyped (slow path)
  def <<: (untyped) -> Set # spinel: widened to untyped (slow path)
  def add?: (untyped) -> Set # spinel: widened to untyped (slow path)
  def delete: (untyped) -> Set # spinel: widened to untyped (slow path)
  def delete?: (untyped) -> Set # spinel: widened to untyped (slow path)
  def include?: (untyped) -> bool # spinel: widened to untyped (slow path)
  def each: () -> Set
  def size: () -> Integer
  def empty?: () -> bool
  def clear: () -> Set
  def to_a: () -> Array[untyped] # spinel: widened to untyped (slow path)
  def map: () -> Array[untyped] # spinel: widened to untyped (slow path)
  def map!: () -> Set
  def keep_if: () -> Set
  def delete_if: () -> Set
  def select!: () -> Set
  def reject!: () -> Set
  def merge: (untyped) -> Set # spinel: widened to untyped (slow path)
  def subtract: (untyped) -> Set # spinel: widened to untyped (slow path)
  def &: (untyped) -> Set # spinel: widened to untyped (slow path)
  def |: (untyped) -> Set # spinel: widened to untyped (slow path)
  def -: (Set) -> Set
  def ^: (untyped) -> Set # spinel: widened to untyped (slow path)
  def ==: (String) -> bool
  def subset?: (String) -> bool
  def superset?: (untyped) -> bool # spinel: widened to untyped (slow path)
  def proper_subset?: (untyped) -> bool # spinel: widened to untyped (slow path)
  def proper_superset?: (untyped) -> bool # spinel: widened to untyped (slow path)
  def <=>: (untyped) -> untyped # spinel: widened to untyped (slow path)
  def disjoint?: (untyped) -> bool # spinel: widened to untyped (slow path)
  def intersect?: (untyped) -> bool # spinel: widened to untyped (slow path)
  def classify: () -> void
  def divide: () -> Set
  def flatten: () -> Set
  def inspect: () -> String
  def __enum_to_a: () -> Array[untyped] # spinel: widened to untyped (slow path)
  def self.[]: (Array[untyped]) -> Set # spinel: widened to untyped (slow path)
end

